// Jest Snapshot v1, https://goo.gl/fbAQLP

exports[`Card component it's must match snapshot 1`] = `
<svg
  height="1em"
  viewBox="0 0 34.76 34.76"
  width="1em"
  x="0px"
  y="0px"
>
  <g>
    <g>
      <path
        d="M17.38,34.76c-9.583,0-17.379-7.796-17.379-17.38S7.797,0,17.38,0s17.379,7.796,17.379,17.38S26.963,34.76,17.38,34.76z M17.38,6.495c-6.002,0-10.885,4.882-10.885,10.885s4.883,10.885,10.885,10.885s10.885-4.882,10.885-10.885 S23.382,6.495,17.38,6.495z"
      />
    </g>
  </g>
</svg>
`;
